<html>
<body>
<pre>
<h1>µVision Build Log</h1>
<h2>Tool Versions:</h2>
IDE-Version: ¦ÌVision V5.43.1.0
Copyright (C) 2025 ARM Ltd and ARM Germany GmbH. All rights reserved.
License Information: 1 Minerva, 1, LIC=8VRJ7-E1ECT-VEMHA-1F3GJ-GJ9C5-0W6TV
 
Tool Versions:
Toolchain:       MDK-ARM Plus  Version: 5.43.0.0
Toolchain Path:  D:\keil\core\ARM\ARMCC\Bin
C Compiler:      Armcc.exe V5.06 update 6 (build 750)
Assembler:       Armasm.exe V5.06 update 6 (build 750)
Linker/Locator:  ArmLink.exe V5.06 update 6 (build 750)
Library Manager: ArmAr.exe V5.06 update 6 (build 750)
Hex Converter:   FromElf.exe V5.06 update 6 (build 750)
CPU DLL:         SARMCM3.DLL V5.43.0.0
Dialog DLL:      DCM.DLL V1.17.5.0
Target DLL:      STLink\ST-LINKIII-KEIL_SWO.dll V3.3.1.0
Dialog DLL:      TCM.DLL V1.56.6.0
 
<h2>Project:</h2>
D:\keil\project\FreeRTOS\MQTT\MDK-ARM\MQTT.uvprojx
Project File Date:  10/21/2025

<h2>Output:</h2>
*** Using Compiler 'V5.06 update 6 (build 750)', folder: 'D:\keil\core\ARM\ARMCC\Bin'
Build target 'MQTT'
compiling MQTTConnectServer.c...
compiling MQTTUnsubscribeClient.c...
compiling MQTTSubscribeServer.c...
compiling MQTTConnectClient.c...
compiling MQTTDeserializePublish.c...
compiling MQTTUnsubscribeServer.c...
compiling MQTTSerializePublish.c...
compiling MQTTFormat.c...
compiling MQTTPacket.c...
compiling MQTTSubscribeClient.c...
compiling fifo.c...
compiling arch.c...
compiling mqtt_list.c...
compiling salof.c...
compiling platform_memory.c...
compiling random.c...
compiling network.c...
compiling nettype_tls.c...
compiling format.c...
compiling nettype_tcp.c...
compiling platform_mutex.c...
compiling platform_thread.c...
compiling platform_timer.c...
compiling mqttclient.c...
..\mqtt\mqttclient\mqttclient.c(1076): warning:  #68-D: integer conversion resulted in a change of sign
          RETURN_ERROR(MQTT_MEM_NOT_ENOUGH_ERROR);
..\mqtt\mqttclient\mqttclient.c(1098): warning:  #68-D: integer conversion resulted in a change of sign
          RETURN_ERROR(MQTT_MEM_NOT_ENOUGH_ERROR);
..\mqtt\mqttclient\mqttclient.c: 2 warnings, 0 errors
compiling platform_net_socket.c...
compiling my_usart.c...
compiling at_commend.c...
linking...
Program Size: Code=14208 RO-data=360 RW-data=180 ZI-data=13756  
FromELF: creating hex file...
"MQTT\MQTT.axf" - 0 Error(s), 2 Warning(s).

<h2>Software Packages used:</h2>

Package Vendor: ARM
                https://www.keil.com/pack/ARM.CMSIS.6.2.0.pack
                ARM::CMSIS@6.2.0
                CMSIS (Common Microcontroller Software Interface Standard)
   * Component: CORE Version: 6.1.1

Package Vendor: Keil
                https://www.keil.com/pack/Keil.STM32F1xx_DFP.2.4.1.pack
                Keil::STM32F1xx_DFP@2.4.1
                STMicroelectronics STM32F1 Series Device Support, Drivers and Examples

<h2>Collection of Component include folders:</h2>
  ./RTE/_MQTT
  D:/keil/back/ARM/CMSIS/6.2.0/CMSIS/Core/Include
  D:/keil/back/Keil/STM32F1xx_DFP/2.4.1/Device/Include

<h2>Collection of Component Files used:</h2>

   * Component: ARM::CMSIS:CORE@6.1.1
      Include file:  CMSIS/Core/Include/tz_context.h
Build Time Elapsed:  00:00:03
</pre>
</body>
</html>
